-- The C compiler identification is GNU 13.3.0
-- The CXX compiler identification is GNU 13.3.0
-- Detecting C compiler ABI info
-- Detecting C compiler ABI info - done
-- Check for working C compiler: /usr/bin/cc - skipped
-- Detecting C compile features
-- Detecting C compile features - done
-- Detecting CXX compiler ABI info
-- Detecting CXX compiler ABI info - done
-- Check for working CXX compiler: /usr/bin/c++ - skipped
-- Detecting CXX compile features
-- Detecting CXX compile features - done
-- Found ament_cmake: 2.5.6 (/opt/ros/jazzy/share/ament_cmake/cmake)
-- Found Python3: /usr/bin/python3 (found version "3.12.3") found components: Interpreter 
-- Found rclcpp: 28.1.21 (/opt/ros/jazzy/share/rclcpp/cmake)
-- Found rosidl_generator_c: 4.6.9 (/opt/ros/jazzy/share/rosidl_generator_c/cmake)
-- Found rosidl_generator_cpp: 4.6.9 (/opt/ros/jazzy/share/rosidl_generator_cpp/cmake)
-- Using all available rosidl_typesupport_c: rosidl_typesupport_fastrtps_c;rosidl_typesupport_introspection_c
-- Using all available rosidl_typesupport_cpp: rosidl_typesupport_fastrtps_cpp;rosidl_typesupport_introspection_cpp
-- Found rmw_implementation_cmake: 7.3.3 (/opt/ros/jazzy/share/rmw_implementation_cmake/cmake)
-- Found rmw_fastrtps_cpp: 8.4.4 (/opt/ros/jazzy/share/rmw_fastrtps_cpp/cmake)
-- Found OpenSSL: /usr/lib/x86_64-linux-gnu/libcrypto.so (found version "3.0.13")  
-- Found FastRTPS: /opt/ros/jazzy/include (Required is at least version "2.13") 
-- Using RMW implementation 'rmw_fastrtps_cpp' as default
-- Found sensor_msgs: 5.3.8 (/opt/ros/jazzy/share/sensor_msgs/cmake)
-- Configuring done (0.5s)
-- Generating done (0.0s)
-- Build files have been written to: /home/ws/ros2_ws/build/teleop_localization_cpp
[ 50%] [32mBuilding CXX object CMakeFiles/localization_node.dir/src/localization_node.cpp.o[0m
[100%] [32m[1mLinking CXX executable localization_node[0m
[100%] Built target localization_node
-- Install configuration: ""
-- Installing: /home/ws/ros2_ws/install/teleop_localization_cpp/lib/teleop_localization_cpp/localization_node
-- Set non-toolchain portion of runtime path of "/home/ws/ros2_ws/install/teleop_localization_cpp/lib/teleop_localization_cpp/localization_node" to ""
-- Installing: /home/ws/ros2_ws/install/teleop_localization_cpp/share/ament_index/resource_index/package_run_dependencies/teleop_localization_cpp
-- Installing: /home/ws/ros2_ws/install/teleop_localization_cpp/share/ament_index/resource_index/parent_prefix_path/teleop_localization_cpp
-- Installing: /home/ws/ros2_ws/install/teleop_localization_cpp/share/teleop_localization_cpp/environment/ament_prefix_path.sh
-- Installing: /home/ws/ros2_ws/install/teleop_localization_cpp/share/teleop_localization_cpp/environment/ament_prefix_path.dsv
-- Installing: /home/ws/ros2_ws/install/teleop_localization_cpp/share/teleop_localization_cpp/environment/path.sh
-- Installing: /home/ws/ros2_ws/install/teleop_localization_cpp/share/teleop_localization_cpp/environment/path.dsv
-- Installing: /home/ws/ros2_ws/install/teleop_localization_cpp/share/teleop_localization_cpp/local_setup.bash
-- Installing: /home/ws/ros2_ws/install/teleop_localization_cpp/share/teleop_localization_cpp/local_setup.sh
-- Installing: /home/ws/ros2_ws/install/teleop_localization_cpp/share/teleop_localization_cpp/local_setup.zsh
-- Installing: /home/ws/ros2_ws/install/teleop_localization_cpp/share/teleop_localization_cpp/local_setup.dsv
-- Installing: /home/ws/ros2_ws/install/teleop_localization_cpp/share/teleop_localization_cpp/package.dsv
-- Installing: /home/ws/ros2_ws/install/teleop_localization_cpp/share/ament_index/resource_index/packages/teleop_localization_cpp
-- Installing: /home/ws/ros2_ws/install/teleop_localization_cpp/share/teleop_localization_cpp/cmake/teleop_localization_cppConfig.cmake
-- Installing: /home/ws/ros2_ws/install/teleop_localization_cpp/share/teleop_localization_cpp/cmake/teleop_localization_cppConfig-version.cmake
-- Installing: /home/ws/ros2_ws/install/teleop_localization_cpp/share/teleop_localization_cpp/package.xml
